2026-09-29 10:20:15,745 fail2ban.server         [801]: INFO    --------------------------------------------------
2026-09-29 10:20:15,745 fail2ban.server         [801]: INFO    Starting Fail2ban v1.1.0
2026-09-29 10:20:15,747 fail2ban.observer       [801]: INFO    Observer start...
2026-09-29 10:20:15,756 fail2ban.database       [801]: INFO    Connected to fail2ban persistent database '/config/fail2ban/fail2ban.sqlite3'
2026-09-29 10:20:15,761 fail2ban.database       [801]: WARNING New database created. Version '4'
2026-09-29 10:20:15,761 fail2ban.jail           [801]: INFO    Creating new jail 'nginx-http-auth'
2026-09-29 10:20:15,764 fail2ban.jail           [801]: INFO    Jail 'nginx-http-auth' uses poller {}
2026-09-29 10:20:15,764 fail2ban.jail           [801]: INFO    Initiated 'polling' backend
2026-09-29 10:20:15,767 fail2ban.filter         [801]: INFO      maxRetry: 5
2026-09-29 10:20:15,768 fail2ban.filter         [801]: INFO      findtime: 600
2026-09-29 10:20:15,768 fail2ban.actions        [801]: INFO      banTime: 600
2026-09-29 10:20:15,768 fail2ban.filter         [801]: INFO      encoding: UTF-8
2026-09-29 10:20:15,768 fail2ban.filter         [801]: INFO    Added logfile: '/config/log/nginx/error.log' (pos = 0, hash = )
2026-09-29 10:20:15,769 fail2ban.jail           [801]: INFO    Creating new jail 'nginx-botsearch'
2026-09-29 10:20:15,770 fail2ban.jail           [801]: INFO    Jail 'nginx-botsearch' uses poller {}
2026-09-29 10:20:15,770 fail2ban.jail           [801]: INFO    Initiated 'polling' backend
2026-09-29 10:20:15,772 fail2ban.datedetector   [801]: INFO      date pattern `'{^LN-BEG}%ExY(?P<_sep>[-/.])%m(?P=_sep)%d[T ]%H:%M:%S(?:[.,]%f)?(?:\\s*%z)?'`: `{^LN-BEG}ExYear(?P<_sep>[-/.])Month(?P=_sep)Day[T ]24hour:Minute:Second(?:[.,]Microseconds)?(?:\s*Zone offset)?`
2026-09-29 10:20:15,773 fail2ban.filter         [801]: INFO      maxRetry: 5
2026-09-29 10:20:15,773 fail2ban.filter         [801]: INFO      findtime: 600
2026-09-29 10:20:15,774 fail2ban.actions        [801]: INFO      banTime: 600
2026-09-29 10:20:15,774 fail2ban.filter         [801]: INFO      encoding: UTF-8
2026-09-29 10:20:15,774 fail2ban.filter         [801]: INFO    Added logfile: '/config/log/nginx/access.log' (pos = 0, hash = a06155b7e0c5181c49d47a4a8aea3b89516d9068)
2026-09-29 10:20:15,774 fail2ban.jail           [801]: INFO    Creating new jail 'nginx-badbots'
2026-09-29 10:20:15,775 fail2ban.jail           [801]: INFO    Jail 'nginx-badbots' uses poller {}
2026-09-29 10:20:15,775 fail2ban.jail           [801]: INFO    Initiated 'polling' backend
2026-09-29 10:20:15,779 fail2ban.filter         [801]: INFO      maxRetry: 2
2026-09-29 10:20:15,780 fail2ban.filter         [801]: INFO      findtime: 600
2026-09-29 10:20:15,780 fail2ban.actions        [801]: INFO      banTime: 600
2026-09-29 10:20:15,780 fail2ban.filter         [801]: INFO      encoding: UTF-8
2026-09-29 10:20:15,780 fail2ban.filter         [801]: INFO    Added logfile: '/config/log/nginx/access.log' (pos = 0, hash = a06155b7e0c5181c49d47a4a8aea3b89516d9068)
2026-09-29 10:20:15,781 fail2ban.jail           [801]: INFO    Creating new jail 'nginx-deny'
2026-09-29 10:20:15,781 fail2ban.jail           [801]: INFO    Jail 'nginx-deny' uses poller {}
2026-09-29 10:20:15,782 fail2ban.jail           [801]: INFO    Initiated 'polling' backend
2026-09-29 10:20:15,783 fail2ban.filter         [801]: INFO      maxRetry: 5
2026-09-29 10:20:15,783 fail2ban.filter         [801]: INFO      findtime: 600
2026-09-29 10:20:15,783 fail2ban.actions        [801]: INFO      banTime: 600
2026-09-29 10:20:15,783 fail2ban.filter         [801]: INFO      encoding: UTF-8
2026-09-29 10:20:15,783 fail2ban.filter         [801]: INFO    Added logfile: '/config/log/nginx/error.log' (pos = 0, hash = )
2026-09-29 10:20:15,783 fail2ban.jail           [801]: INFO    Creating new jail 'nginx-unauthorized'
2026-09-29 10:20:15,784 fail2ban.jail           [801]: INFO    Jail 'nginx-unauthorized' uses poller {}
2026-09-29 10:20:15,784 fail2ban.jail           [801]: INFO    Initiated 'polling' backend
2026-09-29 10:20:15,785 fail2ban.filter         [801]: INFO      maxRetry: 5
2026-09-29 10:20:15,785 fail2ban.filter         [801]: INFO      findtime: 600
2026-09-29 10:20:15,786 fail2ban.actions        [801]: INFO      banTime: 600
2026-09-29 10:20:15,786 fail2ban.filter         [801]: INFO      encoding: UTF-8
2026-09-29 10:20:15,786 fail2ban.filter         [801]: INFO    Added logfile: '/config/log/nginx/access.log' (pos = 0, hash = a06155b7e0c5181c49d47a4a8aea3b89516d9068)
2026-09-29 10:20:15,787 fail2ban.jail           [801]: INFO    Jail 'nginx-http-auth' started
2026-09-29 10:20:15,792 fail2ban.jail           [801]: INFO    Jail 'nginx-botsearch' started
2026-09-29 10:20:15,800 fail2ban.jail           [801]: INFO    Jail 'nginx-badbots' started
2026-09-29 10:20:15,806 fail2ban.jail           [801]: INFO    Jail 'nginx-deny' started
2026-09-29 10:20:15,814 fail2ban.jail           [801]: INFO    Jail 'nginx-unauthorized' started
2026-09-29 10:30:36,672 fail2ban.server         [801]: INFO    Shutdown in progress...
2026-09-29 10:30:36,679 fail2ban.observer       [801]: INFO    Observer stop ... try to end queue 5 seconds
2026-09-29 10:30:36,710 fail2ban.observer       [801]: INFO    Observer stopped, 0 events remaining.
2026-09-29 10:30:36,757 fail2ban.server         [801]: INFO    Stopping all jails
2026-09-29 10:30:36,757 fail2ban.filter         [801]: INFO    Removed logfile: '/config/log/nginx/error.log'
2026-09-29 10:30:36,759 fail2ban.filter         [801]: INFO    Removed logfile: '/config/log/nginx/access.log'
2026-09-29 10:30:36,759 fail2ban.filter         [801]: INFO    Removed logfile: '/config/log/nginx/access.log'
2026-09-29 10:30:36,759 fail2ban.filter         [801]: INFO    Removed logfile: '/config/log/nginx/error.log'
2026-09-29 10:30:36,759 fail2ban.filter         [801]: INFO    Removed logfile: '/config/log/nginx/access.log'
2026-09-29 10:30:37,252 fail2ban.actions        [801]: NOTICE  [nginx-deny] Flush ticket(s) with iptables-allports
2026-09-29 10:30:37,253 fail2ban.actions        [801]: NOTICE  [nginx-http-auth] Flush ticket(s) with iptables-allports
2026-09-29 10:30:37,253 fail2ban.actions        [801]: NOTICE  [nginx-botsearch] Flush ticket(s) with iptables-allports
2026-09-29 10:30:37,254 fail2ban.actions        [801]: NOTICE  [nginx-unauthorized] Flush ticket(s) with iptables-allports
2026-09-29 10:30:37,255 fail2ban.actions        [801]: NOTICE  [nginx-badbots] Flush ticket(s) with iptables-allports
2026-09-29 10:30:37,269 fail2ban.jail           [801]: INFO    Jail 'nginx-http-auth' stopped
2026-09-29 10:30:37,269 fail2ban.jail           [801]: INFO    Jail 'nginx-botsearch' stopped
2026-09-29 10:30:37,269 fail2ban.jail           [801]: INFO    Jail 'nginx-badbots' stopped
2026-09-29 10:30:37,269 fail2ban.jail           [801]: INFO    Jail 'nginx-deny' stopped
2026-09-29 10:30:37,270 fail2ban.jail           [801]: INFO    Jail 'nginx-unauthorized' stopped
2026-09-29 10:30:37,270 fail2ban.database       [801]: INFO    Connection to database closed.
2026-09-29 10:30:37,270 fail2ban.server         [801]: INFO    Exiting Fail2ban
2026-09-29 10:31:00,177 fail2ban.server         [775]: INFO    --------------------------------------------------
2026-09-29 10:31:00,178 fail2ban.server         [775]: INFO    Starting Fail2ban v1.1.0
2026-09-29 10:31:00,180 fail2ban.observer       [775]: INFO    Observer start...
2026-09-29 10:31:00,200 fail2ban.database       [775]: INFO    Connected to fail2ban persistent database '/config/fail2ban/fail2ban.sqlite3'
2026-09-29 10:31:00,203 fail2ban.jail           [775]: INFO    Creating new jail 'nginx-http-auth'
2026-09-29 10:31:00,207 fail2ban.jail           [775]: INFO    Jail 'nginx-http-auth' uses poller {}
2026-09-29 10:31:00,207 fail2ban.jail           [775]: INFO    Initiated 'polling' backend
2026-09-29 10:31:00,215 fail2ban.filter         [775]: INFO      maxRetry: 5
2026-09-29 10:31:00,215 fail2ban.filter         [775]: INFO      findtime: 600
2026-09-29 10:31:00,215 fail2ban.actions        [775]: INFO      banTime: 600
2026-09-29 10:31:00,216 fail2ban.filter         [775]: INFO      encoding: UTF-8
2026-09-29 10:31:00,217 fail2ban.filter         [775]: INFO    Added logfile: '/config/log/nginx/error.log' (pos = 0, hash = )
2026-09-29 10:31:00,217 fail2ban.jail           [775]: INFO    Creating new jail 'nginx-botsearch'
2026-09-29 10:31:00,219 fail2ban.jail           [775]: INFO    Jail 'nginx-botsearch' uses poller {}
2026-09-29 10:31:00,219 fail2ban.jail           [775]: INFO    Initiated 'polling' backend
2026-09-29 10:31:00,225 fail2ban.datedetector   [775]: INFO      date pattern `'{^LN-BEG}%ExY(?P<_sep>[-/.])%m(?P=_sep)%d[T ]%H:%M:%S(?:[.,]%f)?(?:\\s*%z)?'`: `{^LN-BEG}ExYear(?P<_sep>[-/.])Month(?P=_sep)Day[T ]24hour:Minute:Second(?:[.,]Microseconds)?(?:\s*Zone offset)?`
2026-09-29 10:31:00,227 fail2ban.filter         [775]: INFO      maxRetry: 5
2026-09-29 10:31:00,228 fail2ban.filter         [775]: INFO      findtime: 600
2026-09-29 10:31:00,229 fail2ban.actions        [775]: INFO      banTime: 600
2026-09-29 10:31:00,229 fail2ban.filter         [775]: INFO      encoding: UTF-8
2026-09-29 10:31:00,230 fail2ban.filter         [775]: INFO    Added logfile: '/config/log/nginx/access.log' (pos = 63089, hash = a06155b7e0c5181c49d47a4a8aea3b89516d9068)
2026-09-29 10:31:00,231 fail2ban.jail           [775]: INFO    Creating new jail 'nginx-badbots'
2026-09-29 10:31:00,232 fail2ban.jail           [775]: INFO    Jail 'nginx-badbots' uses poller {}
2026-09-29 10:31:00,232 fail2ban.jail           [775]: INFO    Initiated 'polling' backend
2026-09-29 10:31:00,240 fail2ban.filter         [775]: INFO      maxRetry: 2
2026-09-29 10:31:00,241 fail2ban.filter         [775]: INFO      findtime: 600
2026-09-29 10:31:00,241 fail2ban.actions        [775]: INFO      banTime: 600
2026-09-29 10:31:00,241 fail2ban.filter         [775]: INFO      encoding: UTF-8
2026-09-29 10:31:00,242 fail2ban.filter         [775]: INFO    Added logfile: '/config/log/nginx/access.log' (pos = 63089, hash = a06155b7e0c5181c49d47a4a8aea3b89516d9068)
2026-09-29 10:31:00,243 fail2ban.jail           [775]: INFO    Creating new jail 'nginx-deny'
2026-09-29 10:31:00,245 fail2ban.jail           [775]: INFO    Jail 'nginx-deny' uses poller {}
2026-09-29 10:31:00,245 fail2ban.jail           [775]: INFO    Initiated 'polling' backend
2026-09-29 10:31:00,247 fail2ban.filter         [775]: INFO      maxRetry: 5
2026-09-29 10:31:00,247 fail2ban.filter         [775]: INFO      findtime: 600
2026-09-29 10:31:00,248 fail2ban.actions        [775]: INFO      banTime: 600
2026-09-29 10:31:00,248 fail2ban.filter         [775]: INFO      encoding: UTF-8
2026-09-29 10:31:00,249 fail2ban.filter         [775]: INFO    Added logfile: '/config/log/nginx/error.log' (pos = 0, hash = )
2026-09-29 10:31:00,249 fail2ban.jail           [775]: INFO    Creating new jail 'nginx-unauthorized'
2026-09-29 10:31:00,251 fail2ban.jail           [775]: INFO    Jail 'nginx-unauthorized' uses poller {}
2026-09-29 10:31:00,251 fail2ban.jail           [775]: INFO    Initiated 'polling' backend
2026-09-29 10:31:00,254 fail2ban.filter         [775]: INFO      maxRetry: 5
2026-09-29 10:31:00,254 fail2ban.filter         [775]: INFO      findtime: 600
2026-09-29 10:31:00,254 fail2ban.actions        [775]: INFO      banTime: 600
2026-09-29 10:31:00,256 fail2ban.filter         [775]: INFO      encoding: UTF-8
2026-09-29 10:31:00,256 fail2ban.filter         [775]: INFO    Added logfile: '/config/log/nginx/access.log' (pos = 63089, hash = a06155b7e0c5181c49d47a4a8aea3b89516d9068)
2026-09-29 10:31:00,261 fail2ban.jail           [775]: INFO    Jail 'nginx-http-auth' started
2026-09-29 10:31:00,265 fail2ban.jail           [775]: INFO    Jail 'nginx-botsearch' started
2026-09-29 10:31:00,269 fail2ban.jail           [775]: INFO    Jail 'nginx-badbots' started
2026-09-29 10:31:00,270 fail2ban.jail           [775]: INFO    Jail 'nginx-deny' started
2026-09-29 10:31:00,272 fail2ban.jail           [775]: INFO    Jail 'nginx-unauthorized' started
2026-09-29 10:53:52,827 fail2ban.server         [775]: INFO    Shutdown in progress...
2026-09-29 10:53:52,828 fail2ban.observer       [775]: INFO    Observer stop ... try to end queue 5 seconds
2026-09-29 10:53:52,858 fail2ban.observer       [775]: INFO    Observer stopped, 0 events remaining.
2026-09-29 10:53:52,899 fail2ban.server         [775]: INFO    Stopping all jails
2026-09-29 10:53:52,899 fail2ban.filter         [775]: INFO    Removed logfile: '/config/log/nginx/error.log'
2026-09-29 10:53:52,899 fail2ban.filter         [775]: INFO    Removed logfile: '/config/log/nginx/access.log'
2026-09-29 10:53:52,899 fail2ban.filter         [775]: INFO    Removed logfile: '/config/log/nginx/access.log'
2026-09-29 10:53:52,899 fail2ban.filter         [775]: INFO    Removed logfile: '/config/log/nginx/error.log'
2026-09-29 10:53:52,900 fail2ban.filter         [775]: INFO    Removed logfile: '/config/log/nginx/access.log'
2026-09-29 10:53:53,019 fail2ban.actions        [775]: NOTICE  [nginx-http-auth] Flush ticket(s) with iptables-allports
2026-09-29 10:53:53,022 fail2ban.actions        [775]: NOTICE  [nginx-botsearch] Flush ticket(s) with iptables-allports
2026-09-29 10:53:53,022 fail2ban.actions        [775]: NOTICE  [nginx-deny] Flush ticket(s) with iptables-allports
2026-09-29 10:53:53,023 fail2ban.actions        [775]: NOTICE  [nginx-unauthorized] Flush ticket(s) with iptables-allports
2026-09-29 10:53:53,023 fail2ban.actions        [775]: NOTICE  [nginx-badbots] Flush ticket(s) with iptables-allports
2026-09-29 10:53:53,023 fail2ban.jail           [775]: INFO    Jail 'nginx-http-auth' stopped
2026-09-29 10:53:53,024 fail2ban.jail           [775]: INFO    Jail 'nginx-botsearch' stopped
2026-09-29 10:53:53,024 fail2ban.jail           [775]: INFO    Jail 'nginx-badbots' stopped
2026-09-29 10:53:53,024 fail2ban.jail           [775]: INFO    Jail 'nginx-deny' stopped
2026-09-29 10:53:53,025 fail2ban.jail           [775]: INFO    Jail 'nginx-unauthorized' stopped
2026-09-29 10:53:53,025 fail2ban.database       [775]: INFO    Connection to database closed.
2026-09-29 10:53:53,025 fail2ban.server         [775]: INFO    Exiting Fail2ban
2026-09-29 10:54:56,559 fail2ban.server         [775]: INFO    --------------------------------------------------
2026-09-29 10:54:56,559 fail2ban.server         [775]: INFO    Starting Fail2ban v1.1.0
2026-09-29 10:54:56,561 fail2ban.observer       [775]: INFO    Observer start...
2026-09-29 10:54:56,568 fail2ban.database       [775]: INFO    Connected to fail2ban persistent database '/config/fail2ban/fail2ban.sqlite3'
2026-09-29 10:54:56,569 fail2ban.jail           [775]: INFO    Creating new jail 'nginx-http-auth'
2026-09-29 10:54:56,570 fail2ban.jail           [775]: INFO    Jail 'nginx-http-auth' uses poller {}
2026-09-29 10:54:56,570 fail2ban.jail           [775]: INFO    Initiated 'polling' backend
2026-09-29 10:54:56,574 fail2ban.filter         [775]: INFO      maxRetry: 5
2026-09-29 10:54:56,574 fail2ban.filter         [775]: INFO      findtime: 600
2026-09-29 10:54:56,575 fail2ban.actions        [775]: INFO      banTime: 600
2026-09-29 10:54:56,575 fail2ban.filter         [775]: INFO      encoding: UTF-8
2026-09-29 10:54:56,575 fail2ban.filter         [775]: INFO    Added logfile: '/config/log/nginx/error.log' (pos = 0, hash = )
2026-09-29 10:54:56,575 fail2ban.jail           [775]: INFO    Creating new jail 'nginx-botsearch'
2026-09-29 10:54:56,576 fail2ban.jail           [775]: INFO    Jail 'nginx-botsearch' uses poller {}
2026-09-29 10:54:56,576 fail2ban.jail           [775]: INFO    Initiated 'polling' backend
2026-09-29 10:54:56,579 fail2ban.datedetector   [775]: INFO      date pattern `'{^LN-BEG}%ExY(?P<_sep>[-/.])%m(?P=_sep)%d[T ]%H:%M:%S(?:[.,]%f)?(?:\\s*%z)?'`: `{^LN-BEG}ExYear(?P<_sep>[-/.])Month(?P=_sep)Day[T ]24hour:Minute:Second(?:[.,]Microseconds)?(?:\s*Zone offset)?`
2026-09-29 10:54:56,580 fail2ban.filter         [775]: INFO      maxRetry: 5
2026-09-29 10:54:56,580 fail2ban.filter         [775]: INFO      findtime: 600
2026-09-29 10:54:56,580 fail2ban.actions        [775]: INFO      banTime: 600
2026-09-29 10:54:56,580 fail2ban.filter         [775]: INFO      encoding: UTF-8
2026-09-29 10:54:56,581 fail2ban.filter         [775]: INFO    Added logfile: '/config/log/nginx/access.log' (pos = 66285, hash = a06155b7e0c5181c49d47a4a8aea3b89516d9068)
2026-09-29 10:54:56,581 fail2ban.jail           [775]: INFO    Creating new jail 'nginx-badbots'
2026-09-29 10:54:56,582 fail2ban.jail           [775]: INFO    Jail 'nginx-badbots' uses poller {}
2026-09-29 10:54:56,582 fail2ban.jail           [775]: INFO    Initiated 'polling' backend
2026-09-29 10:54:56,585 fail2ban.filter         [775]: INFO      maxRetry: 2
2026-09-29 10:54:56,586 fail2ban.filter         [775]: INFO      findtime: 600
2026-09-29 10:54:56,586 fail2ban.actions        [775]: INFO      banTime: 600
2026-09-29 10:54:56,586 fail2ban.filter         [775]: INFO      encoding: UTF-8
2026-09-29 10:54:56,586 fail2ban.filter         [775]: INFO    Added logfile: '/config/log/nginx/access.log' (pos = 66285, hash = a06155b7e0c5181c49d47a4a8aea3b89516d9068)
2026-09-29 10:54:56,586 fail2ban.jail           [775]: INFO    Creating new jail 'nginx-deny'
2026-09-29 10:54:56,587 fail2ban.jail           [775]: INFO    Jail 'nginx-deny' uses poller {}
2026-09-29 10:54:56,587 fail2ban.jail           [775]: INFO    Initiated 'polling' backend
2026-09-29 10:54:56,588 fail2ban.filter         [775]: INFO      maxRetry: 5
2026-09-29 10:54:56,588 fail2ban.filter         [775]: INFO      findtime: 600
2026-09-29 10:54:56,589 fail2ban.actions        [775]: INFO      banTime: 600
2026-09-29 10:54:56,589 fail2ban.filter         [775]: INFO      encoding: UTF-8
2026-09-29 10:54:56,589 fail2ban.filter         [775]: INFO    Added logfile: '/config/log/nginx/error.log' (pos = 0, hash = )
2026-09-29 10:54:56,589 fail2ban.jail           [775]: INFO    Creating new jail 'nginx-unauthorized'
2026-09-29 10:54:56,590 fail2ban.jail           [775]: INFO    Jail 'nginx-unauthorized' uses poller {}
2026-09-29 10:54:56,590 fail2ban.jail           [775]: INFO    Initiated 'polling' backend
2026-09-29 10:54:56,591 fail2ban.filter         [775]: INFO      maxRetry: 5
2026-09-29 10:54:56,591 fail2ban.filter         [775]: INFO      findtime: 600
2026-09-29 10:54:56,591 fail2ban.actions        [775]: INFO      banTime: 600
2026-09-29 10:54:56,591 fail2ban.filter         [775]: INFO      encoding: UTF-8
2026-09-29 10:54:56,591 fail2ban.filter         [775]: INFO    Added logfile: '/config/log/nginx/access.log' (pos = 66285, hash = a06155b7e0c5181c49d47a4a8aea3b89516d9068)
2026-09-29 10:54:56,592 fail2ban.jail           [775]: INFO    Jail 'nginx-http-auth' started
2026-09-29 10:54:56,593 fail2ban.jail           [775]: INFO    Jail 'nginx-botsearch' started
2026-09-29 10:54:56,594 fail2ban.jail           [775]: INFO    Jail 'nginx-badbots' started
2026-09-29 10:54:56,595 fail2ban.jail           [775]: INFO    Jail 'nginx-deny' started
2026-09-29 10:54:56,595 fail2ban.jail           [775]: INFO    Jail 'nginx-unauthorized' started
2026-09-29 10:57:46,333 fail2ban.server         [775]: INFO    Shutdown in progress...
2026-09-29 10:57:46,334 fail2ban.observer       [775]: INFO    Observer stop ... try to end queue 5 seconds
2026-09-29 10:57:46,369 fail2ban.observer       [775]: INFO    Observer stopped, 0 events remaining.
2026-09-29 10:57:46,413 fail2ban.server         [775]: INFO    Stopping all jails
2026-09-29 10:57:46,413 fail2ban.filter         [775]: INFO    Removed logfile: '/config/log/nginx/error.log'
2026-09-29 10:57:46,419 fail2ban.filter         [775]: INFO    Removed logfile: '/config/log/nginx/access.log'
2026-09-29 10:57:46,419 fail2ban.filter         [775]: INFO    Removed logfile: '/config/log/nginx/access.log'
2026-09-29 10:57:46,419 fail2ban.filter         [775]: INFO    Removed logfile: '/config/log/nginx/error.log'
2026-09-29 10:57:46,419 fail2ban.filter         [775]: INFO    Removed logfile: '/config/log/nginx/access.log'
2026-09-29 10:57:46,674 fail2ban.actions        [775]: NOTICE  [nginx-unauthorized] Flush ticket(s) with iptables-allports
2026-09-29 10:57:46,674 fail2ban.actions        [775]: NOTICE  [nginx-botsearch] Flush ticket(s) with iptables-allports
2026-09-29 10:57:46,674 fail2ban.actions        [775]: NOTICE  [nginx-http-auth] Flush ticket(s) with iptables-allports
2026-09-29 10:57:46,674 fail2ban.actions        [775]: NOTICE  [nginx-badbots] Flush ticket(s) with iptables-allports
2026-09-29 10:57:46,675 fail2ban.actions        [775]: NOTICE  [nginx-deny] Flush ticket(s) with iptables-allports
2026-09-29 10:57:46,675 fail2ban.jail           [775]: INFO    Jail 'nginx-http-auth' stopped
2026-09-29 10:57:46,675 fail2ban.jail           [775]: INFO    Jail 'nginx-botsearch' stopped
2026-09-29 10:57:46,676 fail2ban.jail           [775]: INFO    Jail 'nginx-badbots' stopped
2026-09-29 10:57:46,676 fail2ban.jail           [775]: INFO    Jail 'nginx-deny' stopped
2026-09-29 10:57:46,676 fail2ban.jail           [775]: INFO    Jail 'nginx-unauthorized' stopped
2026-09-29 10:57:46,676 fail2ban.database       [775]: INFO    Connection to database closed.
2026-09-29 10:57:46,677 fail2ban.server         [775]: INFO    Exiting Fail2ban
2026-09-29 10:58:02,626 fail2ban.server         [775]: INFO    --------------------------------------------------
2026-09-29 10:58:02,626 fail2ban.server         [775]: INFO    Starting Fail2ban v1.1.0
2026-09-29 10:58:02,628 fail2ban.observer       [775]: INFO    Observer start...
2026-09-29 10:58:02,634 fail2ban.database       [775]: INFO    Connected to fail2ban persistent database '/config/fail2ban/fail2ban.sqlite3'
2026-09-29 10:58:02,636 fail2ban.jail           [775]: INFO    Creating new jail 'nginx-http-auth'
2026-09-29 10:58:02,637 fail2ban.jail           [775]: INFO    Jail 'nginx-http-auth' uses poller {}
2026-09-29 10:58:02,637 fail2ban.jail           [775]: INFO    Initiated 'polling' backend
2026-09-29 10:58:02,641 fail2ban.filter         [775]: INFO      maxRetry: 5
2026-09-29 10:58:02,641 fail2ban.filter         [775]: INFO      findtime: 600
2026-09-29 10:58:02,641 fail2ban.actions        [775]: INFO      banTime: 600
2026-09-29 10:58:02,641 fail2ban.filter         [775]: INFO      encoding: UTF-8
2026-09-29 10:58:02,642 fail2ban.filter         [775]: INFO    Added logfile: '/config/log/nginx/error.log' (pos = 0, hash = )
2026-09-29 10:58:02,642 fail2ban.jail           [775]: INFO    Creating new jail 'nginx-botsearch'
2026-09-29 10:58:02,643 fail2ban.jail           [775]: INFO    Jail 'nginx-botsearch' uses poller {}
2026-09-29 10:58:02,643 fail2ban.jail           [775]: INFO    Initiated 'polling' backend
2026-09-29 10:58:02,645 fail2ban.datedetector   [775]: INFO      date pattern `'{^LN-BEG}%ExY(?P<_sep>[-/.])%m(?P=_sep)%d[T ]%H:%M:%S(?:[.,]%f)?(?:\\s*%z)?'`: `{^LN-BEG}ExYear(?P<_sep>[-/.])Month(?P=_sep)Day[T ]24hour:Minute:Second(?:[.,]Microseconds)?(?:\s*Zone offset)?`
2026-09-29 10:58:02,646 fail2ban.filter         [775]: INFO      maxRetry: 5
2026-09-29 10:58:02,646 fail2ban.filter         [775]: INFO      findtime: 600
2026-09-29 10:58:02,647 fail2ban.actions        [775]: INFO      banTime: 600
2026-09-29 10:58:02,647 fail2ban.filter         [775]: INFO      encoding: UTF-8
2026-09-29 10:58:02,647 fail2ban.filter         [775]: INFO    Added logfile: '/config/log/nginx/access.log' (pos = 70365, hash = a06155b7e0c5181c49d47a4a8aea3b89516d9068)
2026-09-29 10:58:02,647 fail2ban.jail           [775]: INFO    Creating new jail 'nginx-badbots'
2026-09-29 10:58:02,648 fail2ban.jail           [775]: INFO    Jail 'nginx-badbots' uses poller {}
2026-09-29 10:58:02,648 fail2ban.jail           [775]: INFO    Initiated 'polling' backend
2026-09-29 10:58:02,652 fail2ban.filter         [775]: INFO      maxRetry: 2
2026-09-29 10:58:02,653 fail2ban.filter         [775]: INFO      findtime: 600
2026-09-29 10:58:02,653 fail2ban.actions        [775]: INFO      banTime: 600
2026-09-29 10:58:02,653 fail2ban.filter         [775]: INFO      encoding: UTF-8
2026-09-29 10:58:02,653 fail2ban.filter         [775]: INFO    Added logfile: '/config/log/nginx/access.log' (pos = 70365, hash = a06155b7e0c5181c49d47a4a8aea3b89516d9068)
2026-09-29 10:58:02,653 fail2ban.jail           [775]: INFO    Creating new jail 'nginx-deny'
2026-09-29 10:58:02,654 fail2ban.jail           [775]: INFO    Jail 'nginx-deny' uses poller {}
2026-09-29 10:58:02,654 fail2ban.jail           [775]: INFO    Initiated 'polling' backend
2026-09-29 10:58:02,655 fail2ban.filter         [775]: INFO      maxRetry: 5
2026-09-29 10:58:02,655 fail2ban.filter         [775]: INFO      findtime: 600
2026-09-29 10:58:02,656 fail2ban.actions        [775]: INFO      banTime: 600
2026-09-29 10:58:02,656 fail2ban.filter         [775]: INFO      encoding: UTF-8
2026-09-29 10:58:02,656 fail2ban.filter         [775]: INFO    Added logfile: '/config/log/nginx/error.log' (pos = 0, hash = )
2026-09-29 10:58:02,656 fail2ban.jail           [775]: INFO    Creating new jail 'nginx-unauthorized'
2026-09-29 10:58:02,657 fail2ban.jail           [775]: INFO    Jail 'nginx-unauthorized' uses poller {}
2026-09-29 10:58:02,657 fail2ban.jail           [775]: INFO    Initiated 'polling' backend
2026-09-29 10:58:02,658 fail2ban.filter         [775]: INFO      maxRetry: 5
2026-09-29 10:58:02,658 fail2ban.filter         [775]: INFO      findtime: 600
2026-09-29 10:58:02,658 fail2ban.actions        [775]: INFO      banTime: 600
2026-09-29 10:58:02,658 fail2ban.filter         [775]: INFO      encoding: UTF-8
2026-09-29 10:58:02,658 fail2ban.filter         [775]: INFO    Added logfile: '/config/log/nginx/access.log' (pos = 70365, hash = a06155b7e0c5181c49d47a4a8aea3b89516d9068)
2026-09-29 10:58:02,659 fail2ban.jail           [775]: INFO    Jail 'nginx-http-auth' started
2026-09-29 10:58:02,660 fail2ban.jail           [775]: INFO    Jail 'nginx-botsearch' started
2026-09-29 10:58:02,661 fail2ban.jail           [775]: INFO    Jail 'nginx-badbots' started
2026-09-29 10:58:02,662 fail2ban.jail           [775]: INFO    Jail 'nginx-deny' started
2026-09-29 10:58:02,663 fail2ban.jail           [775]: INFO    Jail 'nginx-unauthorized' started
2026-09-29 11:11:56,972 fail2ban.server         [775]: INFO    Shutdown in progress...
2026-09-29 11:11:56,978 fail2ban.observer       [775]: INFO    Observer stop ... try to end queue 5 seconds
2026-09-29 11:11:57,002 fail2ban.observer       [775]: INFO    Observer stopped, 0 events remaining.
2026-09-29 11:11:57,041 fail2ban.server         [775]: INFO    Stopping all jails
2026-09-29 11:11:57,041 fail2ban.filter         [775]: INFO    Removed logfile: '/config/log/nginx/error.log'
2026-09-29 11:11:57,042 fail2ban.filter         [775]: INFO    Removed logfile: '/config/log/nginx/access.log'
2026-09-29 11:11:57,042 fail2ban.filter         [775]: INFO    Removed logfile: '/config/log/nginx/access.log'
2026-09-29 11:11:57,042 fail2ban.filter         [775]: INFO    Removed logfile: '/config/log/nginx/error.log'
2026-09-29 11:11:57,042 fail2ban.filter         [775]: INFO    Removed logfile: '/config/log/nginx/access.log'
2026-09-29 11:11:57,187 fail2ban.actions        [775]: NOTICE  [nginx-botsearch] Flush ticket(s) with iptables-allports
2026-09-29 11:11:57,187 fail2ban.actions        [775]: NOTICE  [nginx-http-auth] Flush ticket(s) with iptables-allports
2026-09-29 11:11:57,193 fail2ban.actions        [775]: NOTICE  [nginx-badbots] Flush ticket(s) with iptables-allports
2026-09-29 11:11:57,193 fail2ban.actions        [775]: NOTICE  [nginx-unauthorized] Flush ticket(s) with iptables-allports
2026-09-29 11:11:57,194 fail2ban.actions        [775]: NOTICE  [nginx-deny] Flush ticket(s) with iptables-allports
2026-09-29 11:11:57,224 fail2ban.jail           [775]: INFO    Jail 'nginx-http-auth' stopped
2026-09-29 11:11:57,715 fail2ban.jail           [775]: INFO    Jail 'nginx-botsearch' stopped
2026-09-29 11:11:57,716 fail2ban.jail           [775]: INFO    Jail 'nginx-badbots' stopped
2026-09-29 11:11:57,716 fail2ban.jail           [775]: INFO    Jail 'nginx-deny' stopped
2026-09-29 11:11:57,716 fail2ban.jail           [775]: INFO    Jail 'nginx-unauthorized' stopped
2026-09-29 11:11:57,716 fail2ban.database       [775]: INFO    Connection to database closed.
2026-09-29 11:11:57,717 fail2ban.server         [775]: INFO    Exiting Fail2ban
2026-09-29 11:12:09,724 fail2ban.server         [775]: INFO    --------------------------------------------------
2026-09-29 11:12:09,724 fail2ban.server         [775]: INFO    Starting Fail2ban v1.1.0
2026-09-29 11:12:09,726 fail2ban.observer       [775]: INFO    Observer start...
2026-09-29 11:12:09,735 fail2ban.database       [775]: INFO    Connected to fail2ban persistent database '/config/fail2ban/fail2ban.sqlite3'
2026-09-29 11:12:09,736 fail2ban.jail           [775]: INFO    Creating new jail 'nginx-http-auth'
2026-09-29 11:12:09,739 fail2ban.jail           [775]: INFO    Jail 'nginx-http-auth' uses poller {}
2026-09-29 11:12:09,739 fail2ban.jail           [775]: INFO    Initiated 'polling' backend
2026-09-29 11:12:09,743 fail2ban.filter         [775]: INFO      maxRetry: 5
2026-09-29 11:12:09,743 fail2ban.filter         [775]: INFO      findtime: 600
2026-09-29 11:12:09,743 fail2ban.actions        [775]: INFO      banTime: 600
2026-09-29 11:12:09,744 fail2ban.filter         [775]: INFO      encoding: UTF-8
2026-09-29 11:12:09,744 fail2ban.filter         [775]: INFO    Added logfile: '/config/log/nginx/error.log' (pos = 0, hash = )
2026-09-29 11:12:09,744 fail2ban.jail           [775]: INFO    Creating new jail 'nginx-botsearch'
2026-09-29 11:12:09,745 fail2ban.jail           [775]: INFO    Jail 'nginx-botsearch' uses poller {}
2026-09-29 11:12:09,745 fail2ban.jail           [775]: INFO    Initiated 'polling' backend
2026-09-29 11:12:09,747 fail2ban.datedetector   [775]: INFO      date pattern `'{^LN-BEG}%ExY(?P<_sep>[-/.])%m(?P=_sep)%d[T ]%H:%M:%S(?:[.,]%f)?(?:\\s*%z)?'`: `{^LN-BEG}ExYear(?P<_sep>[-/.])Month(?P=_sep)Day[T ]24hour:Minute:Second(?:[.,]Microseconds)?(?:\s*Zone offset)?`
2026-09-29 11:12:09,748 fail2ban.filter         [775]: INFO      maxRetry: 5
2026-09-29 11:12:09,749 fail2ban.filter         [775]: INFO      findtime: 600
2026-09-29 11:12:09,749 fail2ban.actions        [775]: INFO      banTime: 600
2026-09-29 11:12:09,749 fail2ban.filter         [775]: INFO      encoding: UTF-8
2026-09-29 11:12:09,750 fail2ban.filter         [775]: INFO    Added logfile: '/config/log/nginx/access.log' (pos = 76168, hash = a06155b7e0c5181c49d47a4a8aea3b89516d9068)
2026-09-29 11:12:09,750 fail2ban.jail           [775]: INFO    Creating new jail 'nginx-badbots'
2026-09-29 11:12:09,751 fail2ban.jail           [775]: INFO    Jail 'nginx-badbots' uses poller {}
2026-09-29 11:12:09,751 fail2ban.jail           [775]: INFO    Initiated 'polling' backend
2026-09-29 11:12:09,755 fail2ban.filter         [775]: INFO      maxRetry: 2
2026-09-29 11:12:09,755 fail2ban.filter         [775]: INFO      findtime: 600
2026-09-29 11:12:09,755 fail2ban.actions        [775]: INFO      banTime: 600
2026-09-29 11:12:09,756 fail2ban.filter         [775]: INFO      encoding: UTF-8
2026-09-29 11:12:09,756 fail2ban.filter         [775]: INFO    Added logfile: '/config/log/nginx/access.log' (pos = 76168, hash = a06155b7e0c5181c49d47a4a8aea3b89516d9068)
2026-09-29 11:12:09,756 fail2ban.jail           [775]: INFO    Creating new jail 'nginx-deny'
2026-09-29 11:12:09,757 fail2ban.jail           [775]: INFO    Jail 'nginx-deny' uses poller {}
2026-09-29 11:12:09,757 fail2ban.jail           [775]: INFO    Initiated 'polling' backend
2026-09-29 11:12:09,758 fail2ban.filter         [775]: INFO      maxRetry: 5
2026-09-29 11:12:09,758 fail2ban.filter         [775]: INFO      findtime: 600
2026-09-29 11:12:09,758 fail2ban.actions        [775]: INFO      banTime: 600
2026-09-29 11:12:09,759 fail2ban.filter         [775]: INFO      encoding: UTF-8
2026-09-29 11:12:09,759 fail2ban.filter         [775]: INFO    Added logfile: '/config/log/nginx/error.log' (pos = 0, hash = )
2026-09-29 11:12:09,759 fail2ban.jail           [775]: INFO    Creating new jail 'nginx-unauthorized'
2026-09-29 11:12:09,760 fail2ban.jail           [775]: INFO    Jail 'nginx-unauthorized' uses poller {}
2026-09-29 11:12:09,760 fail2ban.jail           [775]: INFO    Initiated 'polling' backend
2026-09-29 11:12:09,760 fail2ban.filter         [775]: INFO      maxRetry: 5
2026-09-29 11:12:09,760 fail2ban.filter         [775]: INFO      findtime: 600
2026-09-29 11:12:09,761 fail2ban.actions        [775]: INFO      banTime: 600
2026-09-29 11:12:09,761 fail2ban.filter         [775]: INFO      encoding: UTF-8
2026-09-29 11:12:09,761 fail2ban.filter         [775]: INFO    Added logfile: '/config/log/nginx/access.log' (pos = 76168, hash = a06155b7e0c5181c49d47a4a8aea3b89516d9068)
2026-09-29 11:12:09,762 fail2ban.jail           [775]: INFO    Jail 'nginx-http-auth' started
2026-09-29 11:12:09,763 fail2ban.jail           [775]: INFO    Jail 'nginx-botsearch' started
2026-09-29 11:12:09,764 fail2ban.jail           [775]: INFO    Jail 'nginx-badbots' started
2026-09-29 11:12:09,765 fail2ban.jail           [775]: INFO    Jail 'nginx-deny' started
2026-09-29 11:12:09,766 fail2ban.jail           [775]: INFO    Jail 'nginx-unauthorized' started
